ethernetif.c:360:14:low_level_output	48	static
ethernetif.c:533:6:ethernetif_input	48	static
ethernetif.c:122:6:HAL_ETH_MspInit	72	static
ethernetif.c:177:6:HAL_ETH_MspDeInit	8	static
ethernetif.c:218:6:HAL_ETH_RxCpltCallback	0	static
ethernetif.c:592:7:ethernetif_init	64	static
ethernetif.c:639:7:sys_jiffies	0	static
ethernetif.c:650:7:sys_now	0	static
ethernetif.c:662:6:ethernetif_set_link	24	static
ethernetif.c:791:13:ethernetif_notify_conn_changed	0	static
ethernetif.c:703:6:ethernetif_update_config	24	static
